
Memory Configuration

Name             Origin             Length             Attributes
FLASH            0x08000000         0x00010000         xr
SRAM             0x20000000         0x00005000         xrw
*default*        0x00000000         0xffffffff

Linker script and memory map

LOAD main.o
LOAD GPIO_Program.o
LOAD RCC_Program.o
LOAD stm32_startup.o
LOAD STK_Program.o
LOAD FPEC_program.o
LOAD USART_program.o

.text           0x08000000      0xca4
 *(.isr_vector)
 .isr_vector    0x08000000      0x12c stm32_startup.o
                0x08000000                vectors
 main.o(.text)
 .text          0x0800012c       0x38 main.o
                0x0800012c                main
 RCC_Program.o(.text)
 .text          0x08000164      0x12c RCC_Program.o
                0x08000164                RCC_voidInitSysClock
                0x08000184                RCC_voidEnableClock
                0x08000208                RCC_voidDisableClock
 USART_program.o(.text)
 .text          0x08000290      0x2ec USART_program.o
                0x08000290                USART1_VoidInit
                0x08000364                USART1_voidTransmit
                0x080003b0                USART1_voidTransmitByte
                0x080003ec                USART1_uint8Receive
                0x08000428                USART1_VoidReceive
                0x08000476                USART1_VoidReceiveFourBytes
                0x080004c6                MUSART1_uint8Receive
                0x08000500                USART1_uint8ReceivAsyn
                0x0800051c                USART1_IRQHandler
                0x08000548                USART1_DeInit
 GPIO_Program.o(.text)
 .text          0x0800057c      0x2f4 GPIO_Program.o
                0x0800057c                MGPIO_voidSetPinMode
                0x0800072c                MGPIO_voidSetPinValue
                0x080007f0                MGPIO_u8GetPinValue
 FPEC_program.o(.text)
 .text          0x08000870      0x1e8 FPEC_program.o
                0x08000870                FPEC_voidEraseApp_one_Area
                0x0800089a                FPEC_voidEraseBackup_Area
                0x080008c4                FPEC_voidEraseAppsArea
                0x080008ee                FPEC_voidFlashPageErase
                0x08000998                FPEC_voidFlashWrite
 stm32_startup.o(.text)
 .text          0x08000a58       0x8c stm32_startup.o
                0x08000a58                RTC_Alarm_IRQHandler
                0x08000a58                EXTI2_IRQHandler
                0x08000a58                TIM8_TRG_COM_IRQHandler
                0x08000a58                TIM8_CC_IRQHandler
                0x08000a58                DebugMon_Handler
                0x08000a58                TIM1_CC_IRQHandler
                0x08000a58                HardFault_Handler
                0x08000a58                TAMP_IRQHandler
                0x08000a58                TIM6_IRQHandler
                0x08000a58                PVD_IRQHandler
                0x08000a58                SDIO_IRQHandler
                0x08000a58                PendSV_Handler
                0x08000a58                NMI_Handler
                0x08000a58                EXTI3_IRQHandler
                0x08000a58                USB_HP_CAN_RX_IRQHandler
                0x08000a58                USB_HP_CAN_TX_IRQHandler
                0x08000a58                EXTI0_IRQHandler
                0x08000a58                I2C2_EV_IRQHandler
                0x08000a58                UsageFault_Handler
                0x08000a58                ADC1_2_IRQHandler
                0x08000a58                SPI1_IRQHandler
                0x08000a58                DMA1_Channel0_IRQHandler
                0x08000a58                TIM8_UP_IRQHandler
                0x08000a58                DMA2_Channel2_IRQHandler
                0x08000a58                DMA1_Channel4_IRQHandler
                0x08000a58                USART3_IRQHandler
                0x08000a58                RTC_IRQHandler
                0x08000a58                DMA1_Channel7_IRQHandler
                0x08000a58                USB_WKUP_IRQHandler
                0x08000a58                CAN1_RX1_IRQHandler
                0x08000a58                UART5_IRQHandler
                0x08000a58                ADC3_IRQHandler
                0x08000a58                TIM4_IRQHandler
                0x08000a58                DMA2_Channel1_IRQHandler
                0x08000a58                I2C1_EV_IRQHandler
                0x08000a58                DMA1_Channel6_IRQHandler
                0x08000a58                UART4_IRQHandler
                0x08000a58                TIM3_IRQHandler
                0x08000a58                RCC_IRQHandler
                0x08000a58                TIM1_TRG_COM_IRQHandler
                0x08000a58                DMA1_Channel1_IRQHandler
                0x08000a58                Default_Handler
                0x08000a58                EXTI15_10_IRQHandler
                0x08000a58                TIM7_IRQHandler
                0x08000a58                DMA2_Channel0_IRQHandler
                0x08000a58                TIM5_IRQHandler
                0x08000a58                EXTI9_5_IRQHandler
                0x08000a58                SPI2_IRQHandler
                0x08000a58                MemManage_Handler
                0x08000a58                SVC_Handler
                0x08000a58                DMA1_Channel5_IRQHandler
                0x08000a58                EXTI4_IRQHandler
                0x08000a58                DMA1_Channel3_IRQHandler
                0x08000a58                FSMC_IRQHandler
                0x08000a58                TIM1_UP_IRQHandler
                0x08000a58                WWDG_IRQHandler
                0x08000a58                TIM2_IRQHandler
                0x08000a58                TIM1_BRK_IRQHandler
                0x08000a58                EXTI1_IRQHandler
                0x08000a58                DMA2_Channel4_5_IRQHandler
                0x08000a58                USART2_IRQHandler
                0x08000a58                I2C2_ER_IRQHandler
                0x08000a58                DMA1_Channel2_IRQHandler
                0x08000a58                TIM8_BRK_IRQHandler
                0x08000a58                CAN1_SCE_IRQHandler
                0x08000a58                FLASH_IRQHandler
                0x08000a58                BusFault_Handler
                0x08000a58                SPI3_IRQHandler
                0x08000a58                I2C1_ER_IRQHandler
                0x08000a58                DMA2_Channel3_IRQHandler
                0x08000a5e                Reset_Handler
 *(.rodata)
                0x08000ae4                . = ALIGN (0x4)
                0x08000ae4                _etext = .
 .text          0x08000ae4      0x1c0 STK_Program.o
                0x08000ae4                STK_voidInit
                0x08000b00                STK_voidSetBusyWait
                0x08000b50                STK_voidSetIntervalSingle
                0x08000b9c                STK_voidSetIntervalPeriodic
                0x08000be8                STK_voidStopInterval
                0x08000c1c                STK_uint32GetElapsedTime
                0x08000c40                STK_uint32GetRemainingTime
                0x08000c5c                SysTick_Handler

.glue_7         0x08000ca4        0x0
 .glue_7        0x08000ca4        0x0 linker stubs

.glue_7t        0x08000ca4        0x0
 .glue_7t       0x08000ca4        0x0 linker stubs

.vfp11_veneer   0x08000ca4        0x0
 .vfp11_veneer  0x08000ca4        0x0 linker stubs

.v4_bx          0x08000ca4        0x0
 .v4_bx         0x08000ca4        0x0 linker stubs

.iplt           0x08000ca4        0x0
 .iplt          0x08000ca4        0x0 main.o

.rel.dyn        0x08000ca4        0x0
 .rel.iplt      0x08000ca4        0x0 main.o

.data           0x20000000        0x0 load address 0x08000ca4
                0x20000000                _sdata = .
 *(.data)
 .data          0x20000000        0x0 main.o
 .data          0x20000000        0x0 GPIO_Program.o
 .data          0x20000000        0x0 RCC_Program.o
 .data          0x20000000        0x0 stm32_startup.o
 .data          0x20000000        0x0 STK_Program.o
 .data          0x20000000        0x0 FPEC_program.o
 .data          0x20000000        0x0 USART_program.o
                0x20000000                . = ALIGN (0x4)
                0x20000000                _edata = .

.igot.plt       0x20000000        0x0 load address 0x08000ca4
 .igot.plt      0x20000000        0x0 main.o

.bss            0x20000000        0xc load address 0x08000ca4
                0x20000000                _sbss = .
 *(.bss)
 .bss           0x20000000        0x0 main.o
 .bss           0x20000000        0x0 GPIO_Program.o
 .bss           0x20000000        0x0 RCC_Program.o
 .bss           0x20000000        0x0 stm32_startup.o
 .bss           0x20000000        0x5 STK_Program.o
 .bss           0x20000005        0x0 FPEC_program.o
 *fill*         0x20000005        0x3 
 .bss           0x20000008        0x4 USART_program.o
                0x2000000c                . = ALIGN (0x4)
                0x2000000c                _ebss = .
OUTPUT(final.elf elf32-littlearm)
LOAD linker stubs

.comment        0x00000000       0x4c
 .comment       0x00000000       0x4c main.o
                                 0x4d (size before relaxing)
 .comment       0x0000004c       0x4d GPIO_Program.o
 .comment       0x0000004c       0x4d RCC_Program.o
 .comment       0x0000004c       0x4d stm32_startup.o
 .comment       0x0000004c       0x4d STK_Program.o
 .comment       0x0000004c       0x4d FPEC_program.o
 .comment       0x0000004c       0x4d USART_program.o

.ARM.attributes
                0x00000000       0x2d
 .ARM.attributes
                0x00000000       0x2d main.o
 .ARM.attributes
                0x0000002d       0x2d GPIO_Program.o
 .ARM.attributes
                0x0000005a       0x2d RCC_Program.o
 .ARM.attributes
                0x00000087       0x2d stm32_startup.o
 .ARM.attributes
                0x000000b4       0x2d STK_Program.o
 .ARM.attributes
                0x000000e1       0x2d FPEC_program.o
 .ARM.attributes
                0x0000010e       0x2d USART_program.o
