
Memory Configuration

Name             Origin             Length             Attributes
FLASH            0x08001000         0x0000f000         xr
SRAM             0x20000000         0x00005000         xrw
*default*        0x00000000         0xffffffff

Linker script and memory map

LOAD main.o
LOAD GPIO_Program.o
LOAD RCC_Program.o
LOAD stm32_startup.o

.text           0x08001000      0x930
 *(.isr_vector)
 .isr_vector    0x08001000      0x12c stm32_startup.o
                0x08001000                vectors
 main.o(.text)
 .text          0x0800112c       0x26 main.o
                0x0800112c                main
 RCC_Program.o(.text)
 *fill*         0x08001152        0x2 
 .text          0x08001154      0x12c RCC_Program.o
                0x08001154                RCC_voidInitSysClock
                0x08001174                RCC_voidEnableClock
                0x080011f8                RCC_voidDisableClock
 GPIO_Program.o(.text)
 .text          0x08001280      0x620 GPIO_Program.o
                0x08001280                GPIO_VoidSetPinDirection
                0x080013fc                GPIO_voidSetPortDirection
                0x08001434                GPIO_VoidSetPinValue
                0x0800152c                GPIO_voidSetPortValue
                0x08001580                GPIO_VoidGetPinValue
                0x08001600                GPIO_VoidGetPortValue
                0x08001654                GPIO_voidTogglePinValue
                0x080016d4                GPIO_voidTogglePortValue
                0x08001706                GPIO_voidLockPinConfig
                0x0800186c                GPIO_voidLockPortConfig
 stm32_startup.o(.text)
 .text          0x080018a0       0x8c stm32_startup.o
                0x080018a0                RTC_Alarm_IRQHandler
                0x080018a0                EXTI2_IRQHandler
                0x080018a0                TIM8_TRG_COM_IRQHandler
                0x080018a0                TIM8_CC_IRQHandler
                0x080018a0                DebugMon_Handler
                0x080018a0                TIM1_CC_IRQHandler
                0x080018a0                HardFault_Handler
                0x080018a0                TAMP_IRQHandler
                0x080018a0                TIM6_IRQHandler
                0x080018a0                SysTick_Handler
                0x080018a0                PVD_IRQHandler
                0x080018a0                SDIO_IRQHandler
                0x080018a0                PendSV_Handler
                0x080018a0                NMI_Handler
                0x080018a0                EXTI3_IRQHandler
                0x080018a0                USB_HP_CAN_RX_IRQHandler
                0x080018a0                USB_HP_CAN_TX_IRQHandler
                0x080018a0                EXTI0_IRQHandler
                0x080018a0                I2C2_EV_IRQHandler
                0x080018a0                UsageFault_Handler
                0x080018a0                ADC1_2_IRQHandler
                0x080018a0                SPI1_IRQHandler
                0x080018a0                DMA1_Channel0_IRQHandler
                0x080018a0                TIM8_UP_IRQHandler
                0x080018a0                DMA2_Channel2_IRQHandler
                0x080018a0                DMA1_Channel4_IRQHandler
                0x080018a0                USART3_IRQHandler
                0x080018a0                RTC_IRQHandler
                0x080018a0                DMA1_Channel7_IRQHandler
                0x080018a0                USB_WKUP_IRQHandler
                0x080018a0                CAN1_RX1_IRQHandler
                0x080018a0                UART5_IRQHandler
                0x080018a0                ADC3_IRQHandler
                0x080018a0                TIM4_IRQHandler
                0x080018a0                DMA2_Channel1_IRQHandler
                0x080018a0                I2C1_EV_IRQHandler
                0x080018a0                DMA1_Channel6_IRQHandler
                0x080018a0                UART4_IRQHandler
                0x080018a0                TIM3_IRQHandler
                0x080018a0                RCC_IRQHandler
                0x080018a0                TIM1_TRG_COM_IRQHandler
                0x080018a0                DMA1_Channel1_IRQHandler
                0x080018a0                Default_Handler
                0x080018a0                EXTI15_10_IRQHandler
                0x080018a0                TIM7_IRQHandler
                0x080018a0                DMA2_Channel0_IRQHandler
                0x080018a0                TIM5_IRQHandler
                0x080018a0                EXTI9_5_IRQHandler
                0x080018a0                SPI2_IRQHandler
                0x080018a0                MemManage_Handler
                0x080018a0                SVC_Handler
                0x080018a0                DMA1_Channel5_IRQHandler
                0x080018a0                EXTI4_IRQHandler
                0x080018a0                DMA1_Channel3_IRQHandler
                0x080018a0                FSMC_IRQHandler
                0x080018a0                TIM1_UP_IRQHandler
                0x080018a0                WWDG_IRQHandler
                0x080018a0                TIM2_IRQHandler
                0x080018a0                TIM1_BRK_IRQHandler
                0x080018a0                EXTI1_IRQHandler
                0x080018a0                DMA2_Channel4_5_IRQHandler
                0x080018a0                USART2_IRQHandler
                0x080018a0                I2C2_ER_IRQHandler
                0x080018a0                DMA1_Channel2_IRQHandler
                0x080018a0                TIM8_BRK_IRQHandler
                0x080018a0                CAN1_SCE_IRQHandler
                0x080018a0                FLASH_IRQHandler
                0x080018a0                BusFault_Handler
                0x080018a0                USART1_IRQHandler
                0x080018a0                SPI3_IRQHandler
                0x080018a0                I2C1_ER_IRQHandler
                0x080018a0                DMA2_Channel3_IRQHandler
                0x080018a6                Reset_Handler
 *(.rodata)
 .rodata        0x0800192c        0x4 main.o
                0x0800192c                OSAMA
                0x08001930                . = ALIGN (0x4)
                0x08001930                _etext = .

.glue_7         0x08001930        0x0
 .glue_7        0x08001930        0x0 linker stubs

.glue_7t        0x08001930        0x0
 .glue_7t       0x08001930        0x0 linker stubs

.vfp11_veneer   0x08001930        0x0
 .vfp11_veneer  0x08001930        0x0 linker stubs

.v4_bx          0x08001930        0x0
 .v4_bx         0x08001930        0x0 linker stubs

.iplt           0x08001930        0x0
 .iplt          0x08001930        0x0 main.o

.rel.dyn        0x08001930        0x0
 .rel.iplt      0x08001930        0x0 main.o

.data           0x20000000        0x0 load address 0x08001930
                0x20000000                _sdata = .
 *(.data)
 .data          0x20000000        0x0 main.o
 .data          0x20000000        0x0 GPIO_Program.o
 .data          0x20000000        0x0 RCC_Program.o
 .data          0x20000000        0x0 stm32_startup.o
                0x20000000                . = ALIGN (0x4)
                0x20000000                _edata = .

.igot.plt       0x20000000        0x0 load address 0x08001930
 .igot.plt      0x20000000        0x0 main.o

.bss            0x20000000        0x0 load address 0x08001930
                0x20000000                _sbss = .
 *(.bss)
 .bss           0x20000000        0x0 main.o
 .bss           0x20000000        0x0 GPIO_Program.o
 .bss           0x20000000        0x0 RCC_Program.o
 .bss           0x20000000        0x0 stm32_startup.o
                0x20000000                . = ALIGN (0x4)
                0x20000000                _ebss = .
OUTPUT(final.elf elf32-littlearm)
LOAD linker stubs

.comment        0x00000000       0x4c
 .comment       0x00000000       0x4c main.o
                                 0x4d (size before relaxing)
 .comment       0x0000004c       0x4d GPIO_Program.o
 .comment       0x0000004c       0x4d RCC_Program.o
 .comment       0x0000004c       0x4d stm32_startup.o

.ARM.attributes
                0x00000000       0x2d
 .ARM.attributes
                0x00000000       0x2d main.o
 .ARM.attributes
                0x0000002d       0x2d GPIO_Program.o
 .ARM.attributes
                0x0000005a       0x2d RCC_Program.o
 .ARM.attributes
                0x00000087       0x2d stm32_startup.o
